I'm sorry, but errors were detected in your script. Please correct the
errors listed below, and try again.


File "game/screens.rpy", line 115: 'outline' is not a keyword argument or valid child of the text statement.
    outline "#000000"
           ^

Ren'Py Version: Ren'Py 8.3.7.25031702
Mon Apr 21 14:18:01 2025
